// Jest Snapshot v1, https://goo.gl/fbAQLP

exports[`renders correctly 1`] = `
<RCTSafeAreaView
  emulateUnlessSupported={true}
  style={
    Object {
      "alignItems": "center",
      "backgroundColor": "#ffffff",
      "flex": 1,
      "justifyContent": "center",
      "width": "100%",
    }
  }
>
  <Modal
    animationType="slide"
    hardwareAccelerated={false}
    transparent={true}
    visible={false}
  >
    <View
      style={
        Object {
          "alignItems": "center",
          "flex": 1,
          "justifyContent": "center",
        }
      }
    >
      <View
        style={
          Object {
            "alignItems": "center",
            "backgroundColor": "white",
            "borderRadius": 20,
            "elevation": 8,
            "height": "90%",
            "justifyContent": "space-between",
            "margin": 20,
            "padding": 35,
            "shadowColor": "#000",
            "shadowOffset": Object {
              "height": 2,
              "width": 0,
            },
            "shadowOpacity": 0.6,
            "shadowRadius": 3.84,
            "width": "90%",
          }
        }
      >
        <View
          style={
            Object {
              "alignItems": "center",
            }
          }
        >
          <Text
            style={
              Array [
                Object {
                  "fontFamily": "andale-mono",
                },
                Object {
                  "color": "#333333",
                  "fontSize": 20,
                  "marginBottom": 10,
                },
              ]
            }
          >
            Bio #1
          </Text>
          <Text
            style={
              Array [
                Object {
                  "fontFamily": "andale-mono",
                },
                Object {
                  "color": "#333333",
                  "fontSize": 16,
                },
              ]
            }
          >
            Here is a sample bio with a fair amount of text which should span multiple lines
          </Text>
        </View>
        <View
          accessible={true}
          focusable={true}
          isTVSelectable={true}
          onClick={[Function]}
          onResponderGrant={[Function]}
          onResponderMove={[Function]}
          onResponderRelease={[Function]}
          onResponderTerminate={[Function]}
          onResponderTerminationRequest={[Function]}
          onStartShouldSetResponder={[Function]}
          style={
            Object {
              "alignItems": "center",
              "backgroundColor": "#020a41",
              "borderRadius": 5,
              "flexDirection": "row",
              "justifyContent": "center",
              "marginVertical": 10,
              "opacity": 1,
              "padding": 10,
              "width": "100%",
            }
          }
        >
          <Text
            style={
              Array [
                Object {
                  "backgroundColor": "transparent",
                  "color": "#ffffff",
                  "fontSize": 18,
                  "marginHorizontal": 30,
                  "marginTop": 7,
                },
                Object {
                  "fontFamily": "andale-mono",
                },
              ]
            }
          >
            Dismiss
          </Text>
        </View>
      </View>
    </View>
  </Modal>
  <Modal
    animationType="slide"
    hardwareAccelerated={false}
    transparent={true}
    visible={false}
  >
    <View
      style={
        Object {
          "alignItems": "center",
          "flex": 1,
          "justifyContent": "center",
        }
      }
    >
      <View
        style={
          Object {
            "alignItems": "center",
            "backgroundColor": "white",
            "borderRadius": 20,
            "elevation": 8,
            "height": "90%",
            "justifyContent": "space-between",
            "margin": 20,
            "padding": 35,
            "shadowColor": "#000",
            "shadowOffset": Object {
              "height": 2,
              "width": 0,
            },
            "shadowOpacity": 0.6,
            "shadowRadius": 3.84,
            "width": "90%",
          }
        }
      >
        <View
          style={
            Object {
              "alignItems": "center",
            }
          }
        >
          <Text
            style={
              Array [
                Object {
                  "fontFamily": "andale-mono",
                },
                Object {
                  "color": "#333333",
                  "fontSize": 20,
                  "marginBottom": 10,
                },
              ]
            }
          >
            Bio #2
          </Text>
          <Text
            style={
              Array [
                Object {
                  "fontFamily": "andale-mono",
                },
                Object {
                  "color": "#333333",
                  "fontSize": 16,
                },
              ]
            }
          >
            Here is a sample bio with a fair amount of text which should span multiple lines
          </Text>
        </View>
        <View
          accessible={true}
          focusable={true}
          isTVSelectable={true}
          onClick={[Function]}
          onResponderGrant={[Function]}
          onResponderMove={[Function]}
          onResponderRelease={[Function]}
          onResponderTerminate={[Function]}
          onResponderTerminationRequest={[Function]}
          onStartShouldSetResponder={[Function]}
          style={
            Object {
              "alignItems": "center",
              "backgroundColor": "#020a41",
              "borderRadius": 5,
              "flexDirection": "row",
              "justifyContent": "center",
              "marginVertical": 10,
              "opacity": 1,
              "padding": 10,
              "width": "100%",
            }
          }
        >
          <Text
            style={
              Array [
                Object {
                  "backgroundColor": "transparent",
                  "color": "#ffffff",
                  "fontSize": 18,
                  "marginHorizontal": 30,
                  "marginTop": 7,
                },
                Object {
                  "fontFamily": "andale-mono",
                },
              ]
            }
          >
            Dismiss
          </Text>
        </View>
      </View>
    </View>
  </Modal>
  <Image
    source={1}
    style={
      Object {
        "height": 30,
        "paddingBottom": 10,
        "top": "2%",
        "width": 30,
      }
    }
  />
  <View
    style={
      Object {
        "justifyContent": "center",
        "marginTop": 30,
        "width": "100%",
      }
    }
  >
    <View
      accessible={true}
      focusable={true}
      isTVSelectable={true}
      onClick={[Function]}
      onResponderGrant={[Function]}
      onResponderMove={[Function]}
      onResponderRelease={[Function]}
      onResponderTerminate={[Function]}
      onResponderTerminationRequest={[Function]}
      onStartShouldSetResponder={[Function]}
      style={
        Object {
          "alignItems": "center",
          "backgroundColor": "#ffffff",
          "borderColor": "#020a41",
          "borderRadius": 5,
          "borderWidth": 1,
          "flexDirection": "row",
          "marginHorizontal": 20,
          "marginTop": 35,
          "opacity": 1,
        }
      }
    >
      <Image
        resizeMode="cover"
        source={1}
        style={
          Object {
            "borderBottomLeftRadius": 5,
            "borderTopLeftRadius": 5,
            "height": 100,
            "marginRight": 20,
            "width": 75,
          }
        }
      />
      <View
        style={
          Object {
            "flex": 1,
          }
        }
      >
        <Text
          style={
            Array [
              Object {
                "color": "#333333",
                "fontSize": 20,
              },
              Object {
                "fontFamily": "andale-mono",
              },
            ]
          }
        >
          COL Brandon Teague
        </Text>
      </View>
    </View>
    <View
      accessible={true}
      focusable={true}
      isTVSelectable={true}
      onClick={[Function]}
      onResponderGrant={[Function]}
      onResponderMove={[Function]}
      onResponderRelease={[Function]}
      onResponderTerminate={[Function]}
      onResponderTerminationRequest={[Function]}
      onStartShouldSetResponder={[Function]}
      style={
        Object {
          "alignItems": "center",
          "backgroundColor": "#ffffff",
          "borderColor": "#020a41",
          "borderRadius": 5,
          "borderWidth": 1,
          "flexDirection": "row",
          "marginHorizontal": 20,
          "marginTop": 35,
          "opacity": 1,
        }
      }
    >
      <Image
        resizeMode="cover"
        source={1}
        style={
          Object {
            "borderBottomLeftRadius": 5,
            "borderTopLeftRadius": 5,
            "height": 100,
            "marginRight": 20,
            "width": 75,
          }
        }
      />
      <View
        style={
          Object {
            "flex": 1,
          }
        }
      >
        <Text
          style={
            Array [
              Object {
                "color": "#333333",
                "fontSize": 20,
              },
              Object {
                "fontFamily": "andale-mono",
              },
            ]
          }
        >
          CSM Eddie Brewer
        </Text>
      </View>
    </View>
  </View>
  <View
    style={
      Object {
        "alignItems": "center",
        "flex": 1,
        "justifyContent": "center",
      }
    }
  >
    <View
      style={
        Array [
          Object {
            "alignItems": "center",
            "flexDirection": "row",
            "justifyContent": "space-evenly",
            "width": "100%",
          },
          Object {
            "paddingTop": 20,
          },
        ]
      }
    >
      <View
        accessible={true}
        focusable={true}
        isTVSelectable={true}
        onClick={[Function]}
        onResponderGrant={[Function]}
        onResponderMove={[Function]}
        onResponderRelease={[Function]}
        onResponderTerminate={[Function]}
        onResponderTerminationRequest={[Function]}
        onStartShouldSetResponder={[Function]}
        style={
          Object {
            "backgroundColor": "#ffffff",
            "borderRadius": 15,
            "elevation": 5,
            "opacity": 1,
            "padding": 10,
            "shadowColor": "#a0a0a0",
            "shadowOffset": Object {
              "height": 2,
              "width": 0,
            },
            "shadowOpacity": 0.4,
            "shadowRadius": 8,
          }
        }
      >
        <View
          style={
            Array [
              Object {
                "alignItems": "center",
                "justifyContent": "center",
              },
              Object {
                "height": 90,
                "width": 90,
              },
            ]
          }
        >
          <Text
            style={
              Array [
                Object {
                  "color": "#333333",
                  "paddingBottom": 6,
                  "textAlign": "center",
                },
                Object {
                  "fontFamily": "andale-mono",
                },
                Object {
                  "fontSize": 12,
                },
              ]
            }
          >
            Welcome Letter
          </Text>
          <View
            style={
              Object {
                "alignItems": "center",
                "borderRadius": 25,
                "height": 50,
                "justifyContent": "center",
                "width": 50,
              }
            }
          >
            <Text />
          </View>
        </View>
      </View>
      <View
        accessible={true}
        focusable={true}
        isTVSelectable={true}
        onClick={[Function]}
        onResponderGrant={[Function]}
        onResponderMove={[Function]}
        onResponderRelease={[Function]}
        onResponderTerminate={[Function]}
        onResponderTerminationRequest={[Function]}
        onStartShouldSetResponder={[Function]}
        style={
          Object {
            "backgroundColor": "#ffffff",
            "borderRadius": 15,
            "elevation": 5,
            "opacity": 1,
            "padding": 10,
            "shadowColor": "#a0a0a0",
            "shadowOffset": Object {
              "height": 2,
              "width": 0,
            },
            "shadowOpacity": 0.4,
            "shadowRadius": 8,
          }
        }
      >
        <View
          style={
            Array [
              Object {
                "alignItems": "center",
                "justifyContent": "center",
              },
              Object {
                "height": 90,
                "width": 90,
              },
            ]
          }
        >
          <Text
            style={
              Array [
                Object {
                  "color": "#333333",
                  "paddingBottom": 6,
                  "textAlign": "center",
                },
                Object {
                  "fontFamily": "andale-mono",
                },
                Object {
                  "fontSize": 13,
                },
              ]
            }
          >
            Vision
          </Text>
          <View
            style={
              Object {
                "alignItems": "center",
                "borderRadius": 25,
                "height": 50,
                "justifyContent": "center",
                "width": 50,
              }
            }
          >
            <Text />
          </View>
        </View>
      </View>
    </View>
    <View
      style={
        Array [
          Object {
            "alignItems": "center",
            "flexDirection": "row",
            "justifyContent": "space-evenly",
            "marginTop": 35,
            "width": "100%",
          },
          Object {
            "paddingBottom": 25,
          },
        ]
      }
    >
      <View
        accessible={true}
        focusable={true}
        isTVSelectable={true}
        onClick={[Function]}
        onResponderGrant={[Function]}
        onResponderMove={[Function]}
        onResponderRelease={[Function]}
        onResponderTerminate={[Function]}
        onResponderTerminationRequest={[Function]}
        onStartShouldSetResponder={[Function]}
        style={
          Object {
            "backgroundColor": "#ffffff",
            "borderRadius": 15,
            "elevation": 5,
            "opacity": 1,
            "padding": 10,
            "shadowColor": "#a0a0a0",
            "shadowOffset": Object {
              "height": 2,
              "width": 0,
            },
            "shadowOpacity": 0.4,
            "shadowRadius": 8,
          }
        }
      >
        <View
          style={
            Array [
              Object {
                "alignItems": "center",
                "justifyContent": "center",
              },
              Object {
                "height": 90,
                "width": 90,
              },
            ]
          }
        >
          <Text
            style={
              Array [
                Object {
                  "color": "#333333",
                  "paddingBottom": 6,
                  "textAlign": "center",
                },
                Object {
                  "fontFamily": "andale-mono",
                },
                Object {
                  "fontSize": 12,
                },
              ]
            }
          >
            Policy Letters
          </Text>
          <View
            style={
              Object {
                "alignItems": "center",
                "borderRadius": 25,
                "height": 50,
                "justifyContent": "center",
                "width": 50,
              }
            }
          >
            <Text />
          </View>
        </View>
      </View>
      <View
        accessible={true}
        focusable={true}
        isTVSelectable={true}
        onClick={[Function]}
        onResponderGrant={[Function]}
        onResponderMove={[Function]}
        onResponderRelease={[Function]}
        onResponderTerminate={[Function]}
        onResponderTerminationRequest={[Function]}
        onStartShouldSetResponder={[Function]}
        style={
          Object {
            "backgroundColor": "#ffffff",
            "borderRadius": 15,
            "elevation": 5,
            "opacity": 1,
            "padding": 10,
            "shadowColor": "#a0a0a0",
            "shadowOffset": Object {
              "height": 2,
              "width": 0,
            },
            "shadowOpacity": 0.4,
            "shadowRadius": 8,
          }
        }
      >
        <View
          style={
            Array [
              Object {
                "alignItems": "center",
                "justifyContent": "center",
              },
              Object {
                "height": 90,
                "width": 90,
              },
            ]
          }
        >
          <Text
            style={
              Array [
                Object {
                  "color": "#333333",
                  "paddingBottom": 6,
                  "textAlign": "center",
                },
                Object {
                  "fontFamily": "andale-mono",
                },
                Object {
                  "fontSize": 12,
                },
              ]
            }
          >
            Off Limits
          </Text>
          <View
            style={
              Object {
                "alignItems": "center",
                "borderRadius": 25,
                "height": 50,
                "justifyContent": "center",
                "width": 50,
              }
            }
          >
            <Text />
          </View>
        </View>
      </View>
    </View>
  </View>
</RCTSafeAreaView>
`;
