// Jest Snapshot v1, https://goo.gl/fbAQLP

exports[`renders correctly 1`] = `
<View
  style={
    Object {
      "backgroundColor": "transparent",
      "borderRadius": 15,
      "elevation": 5,
      "padding": 15,
      "shadowColor": "black",
      "shadowOffset": Object {
        "height": 2,
        "width": 0,
      },
      "shadowOpacity": 0.26,
      "shadowRadius": 8,
    }
  }
/>
`;
