// Jest Snapshot v1, https://goo.gl/fbAQLP

exports[`RectButton renders correctly 1`] = `
<View
  accessible={true}
  focusable={false}
  isTVSelectable={true}
  onClick={[Function]}
  onResponderGrant={[Function]}
  onResponderMove={[Function]}
  onResponderRelease={[Function]}
  onResponderTerminate={[Function]}
  onResponderTerminationRequest={[Function]}
  onStartShouldSetResponder={[Function]}
  style={
    Object {
      "alignItems": "center",
      "backgroundColor": "#020a41",
      "borderRadius": 5,
      "flexDirection": "row",
      "justifyContent": "center",
      "marginVertical": 10,
      "opacity": 1,
      "padding": 10,
      "width": "100%",
    }
  }
>
  <Text
    style={
      Array [
        Object {
          "backgroundColor": "transparent",
          "color": "#ffffff",
          "fontSize": 18,
          "marginHorizontal": 30,
          "marginTop": 7,
        },
        Object {
          "fontFamily": "andale-mono",
        },
      ]
    }
  />
</View>
`;

exports[`RectButton renders correctly with an image 1`] = `ShallowWrapper {}`;
