// Jest Snapshot v1, https://goo.gl/fbAQLP

exports[`renders correctly 1`] = `
<View
  style={
    Object {
      "alignItems": "center",
      "backgroundColor": "#efefef",
      "borderColor": "#333333",
      "borderRadius": 50,
      "borderWidth": 1,
      "height": 100,
      "justifyContent": "center",
      "margin": 20,
      "marginBottom": 35,
      "width": 100,
    }
  }
>
  <View
    style={
      Object {
        "alignItems": "center",
        "borderRadius": 25,
        "height": 50,
        "justifyContent": "center",
        "width": 50,
      }
    }
  >
    <Text />
  </View>
</View>
`;
